{
  "tools": [
    {
      "description": "Run API tests defined in .tarn.yaml files. Writes artifacts under .tarn/runs/<run_id>/ and returns a compact agent report by default plus paths to the full artifacts so agents do not need to keep large JSON blobs in context.",
      "inputSchema": {
        "properties": {
          "cwd": {
            "description": "Absolute path to the project root. tarn.config.yaml, tarn.env.yaml, and relative paths are resolved against this directory. Defaults to the workspace root captured during MCP `initialize`, or the server process's current directory.",
            "type": "string"
          },
          "env": {
            "description": "Environment name (loads tarn.env.{name}.yaml)",
            "type": "string"
          },
          "path": {
            "description": "Path to a .tarn.yaml test file or directory containing test files. Relative paths resolve against `cwd`.",
            "type": "string"
          },
          "report_mode": {
            "description": "Which slice of the run to return inline. `agent` (default) is the compact root-cause-first payload; `summary` and `failures` return the NAZ-401 artifacts; `full` returns the verbose JSON report. The run still writes every artifact regardless of the chosen mode.",
            "enum": [
              "full",
              "summary",
              "failures",
              "agent"
            ],
            "type": "string"
          },
          "tag": {
            "description": "Filter tests by tag (comma-separated)",
            "type": "string"
          },
          "vars": {
            "additionalProperties": {
              "type": "string"
            },
            "description": "Variable overrides as key-value pairs",
            "type": "object"
          }
        },
        "type": "object"
      },
      "name": "tarn_run"
    },
    {
      "description": "Validate .tarn.yaml test files without executing them. Checks YAML syntax and schema validity.",
      "inputSchema": {
        "properties": {
          "cwd": {
            "description": "Absolute path to the project root. Defaults to the workspace root captured during MCP `initialize`, or the server process's current directory.",
            "type": "string"
          },
          "path": {
            "description": "Path to a .tarn.yaml file or directory. Relative paths resolve against `cwd`.",
            "type": "string"
          }
        },
        "required": [
          "path"
        ],
        "type": "object"
      },
      "name": "tarn_validate"
    },
    {
      "description": "List all available tests in .tarn.yaml files. Returns file names, test names, and step counts.",
      "inputSchema": {
        "properties": {
          "cwd": {
            "description": "Absolute path to the project root. Defaults to the workspace root captured during MCP `initialize`, or the server process's current directory.",
            "type": "string"
          },
          "path": {
            "description": "Path to directory (defaults to `cwd`). Relative paths resolve against `cwd`.",
            "type": "string"
          }
        },
        "type": "object"
      },
      "name": "tarn_list"
    },
    {
      "description": "Analyze a Tarn JSON report and return a prioritized fix plan with next actions, evidence, and remediation hints. Accepts either a `report` object from `tarn_run` or the same inputs as `tarn_run` to execute first.",
      "inputSchema": {
        "properties": {
          "cwd": {
            "description": "Absolute path to the project root used when `path` is provided. Defaults to the workspace root captured during MCP `initialize`, or the server process's current directory.",
            "type": "string"
          },
          "env": {
            "description": "Environment name used when `path` is provided",
            "type": "string"
          },
          "max_items": {
            "description": "Limit the number of failing steps included in the plan",
            "minimum": 1,
            "type": "integer"
          },
          "path": {
            "description": "Optional .tarn.yaml path or directory to run before planning. Relative paths resolve against `cwd`.",
            "type": "string"
          },
          "report": {
            "description": "Structured JSON report from tarn_run",
            "type": "object"
          },
          "tag": {
            "description": "Tag filter used when `path` is provided",
            "type": "string"
          },
          "vars": {
            "additionalProperties": {
              "type": "string"
            },
            "description": "Variable overrides used when `path` is provided",
            "type": "object"
          }
        },
        "type": "object"
      },
      "name": "tarn_fix_plan"
    },
    {
      "description": "Return the grouped failures (NAZ-402) for a specific run as structured JSON. Reads the persisted `failures.json` rather than re-running the tests. Useful for agents that want a failures-only view without loading the full report.",
      "inputSchema": {
        "properties": {
          "cwd": {
            "description": "Absolute path to the project root. Defaults to the workspace root captured during MCP `initialize`, or the server process's current directory.",
            "type": "string"
          },
          "run_id": {
            "description": "Run identifier or alias (`last`, `prev`, `@latest`, or a literal `YYYYmmdd-HHMMSS-xxxxxx` id). Defaults to `last`.",
            "type": "string"
          }
        },
        "type": "object"
      },
      "name": "tarn_last_failures"
    },
    {
      "description": "Return artifact paths plus existence flags for a specific run. Does not load any artifact payload — just tells the agent what is on disk for the given run.",
      "inputSchema": {
        "properties": {
          "cwd": {
            "description": "Absolute path to the project root. Defaults to the workspace root captured during MCP `initialize`, or the server process's current directory.",
            "type": "string"
          },
          "run_id": {
            "description": "Run identifier or alias. Defaults to `last`.",
            "type": "string"
          }
        },
        "type": "object"
      },
      "name": "tarn_get_run_artifacts"
    },
    {
      "description": "Rerun only the failing `(file, test)` pairs from a prior run. Response shape matches `tarn_run` (run_id, artifacts, report) so agents can loop run → inspect → rerun without switching tool surfaces.",
      "inputSchema": {
        "properties": {
          "cwd": {
            "description": "Absolute path to the project root. Defaults to the workspace root captured during MCP `initialize`, or the server process's current directory.",
            "type": "string"
          },
          "env_name": {
            "description": "Environment name to resolve for the rerun (loads tarn.env.{name}.yaml).",
            "type": "string"
          },
          "report_mode": {
            "description": "Which slice of the rerun's report to return inline. Defaults to `agent`.",
            "enum": [
              "full",
              "summary",
              "failures",
              "agent"
            ],
            "type": "string"
          },
          "run_id": {
            "description": "Source run identifier or alias to seed the selection from. Defaults to `last` (the workspace-level `.tarn/failures.json` pointer).",
            "type": "string"
          },
          "vars": {
            "additionalProperties": {
              "type": "string"
            },
            "description": "Variable overrides as key-value pairs.",
            "type": "object"
          }
        },
        "type": "object"
      },
      "name": "tarn_rerun_failed"
    },
    {
      "description": "Render the concise report (NAZ-404) for a persisted run: a tiny JSON envelope with totals, exit code, and grouped failures. No HTTP, no test execution — purely reads `summary.json` + `failures.json`.",
      "inputSchema": {
        "properties": {
          "cwd": {
            "description": "Absolute path to the project root. Defaults to the workspace root captured during MCP `initialize`, or the server process's current directory.",
            "type": "string"
          },
          "run_id": {
            "description": "Run identifier or alias. Defaults to `last`.",
            "type": "string"
          }
        },
        "type": "object"
      },
      "name": "tarn_report"
    },
    {
      "description": "Inspect a prior run's archived report (NAZ-405) at run, file, test, or step granularity. Optional `filter_category` narrows the view to one FailureCategory. Response includes artifact paths for the run that seeded the view.",
      "inputSchema": {
        "properties": {
          "cwd": {
            "description": "Absolute path to the project root. Defaults to the workspace root captured during MCP `initialize`, or the server process's current directory.",
            "type": "string"
          },
          "filter_category": {
            "description": "Narrow the run-level view to steps whose `failure_category` matches this value.",
            "type": "string"
          },
          "run_id": {
            "description": "Run identifier or alias (`last`, `prev`, etc.). Defaults to `last`.",
            "type": "string"
          },
          "target": {
            "description": "Address of the entity to inspect: `FILE`, `FILE::TEST`, or `FILE::TEST::STEP`. Omit for the run-level view.",
            "type": "string"
          }
        },
        "type": "object"
      },
      "name": "tarn_inspect"
    },
    {
      "description": "Map a change (files / endpoints / openapi ops / `git diff`) to the `.tarn.yaml` tests it most likely affects, with confidence tiers and run hints. Read-only: no HTTP and no test execution. Equivalent to: tarn impact --format json.",
      "inputSchema": {
        "properties": {
          "cwd": {
            "description": "Absolute path to the project root. Defaults to the workspace root captured during MCP `initialize`, or the server process's current directory.",
            "type": "string"
          },
          "diff": {
            "description": "When true, run `git diff --name-only HEAD` under `cwd` and feed the result in as changed files.",
            "type": "boolean"
          },
          "endpoints": {
            "description": "Endpoints touched by the change. Each entry is either a `METHOD:/path` string or a `{method, path}` object.",
            "items": {
              "oneOf": [
                {
                  "type": "string"
                },
                {
                  "properties": {
                    "method": {
                      "type": "string"
                    },
                    "path": {
                      "type": "string"
                    }
                  },
                  "required": [
                    "method",
                    "path"
                  ],
                  "type": "object"
                }
              ]
            },
            "type": "array"
          },
          "files": {
            "description": "Changed source files as plain strings.",
            "items": {
              "type": "string"
            },
            "type": "array"
          },
          "min_confidence": {
            "description": "Drop matches below this tier before returning.",
            "enum": [
              "low",
              "medium",
              "high"
            ],
            "type": "string"
          },
          "no_default_excludes": {
            "description": "Disable the default discovery ignore rules (e.g. `.git`, `node_modules`).",
            "type": "boolean"
          },
          "openapi_ops": {
            "description": "OpenAPI `operationId`s whose behaviour changed.",
            "items": {
              "type": "string"
            },
            "type": "array"
          },
          "path": {
            "description": "Restrict test discovery to this subpath (file or directory). Relative paths resolve against `cwd`.",
            "type": "string"
          }
        },
        "type": "object"
      },
      "name": "tarn_impact"
    },
    {
      "description": "Generate a minimal `.tarn.yaml` skeleton from one of four input modes (OpenAPI operation id, raw curl, method+url, or a recorded fixture). Returns the rendered YAML plus structured metadata (TODOs, inferred request, validation). Optional `out` writes the file to disk. Equivalent to: tarn scaffold --from-openapi / --from-curl / --method+--url / --from-recorded.",
      "inputSchema": {
        "properties": {
          "curl": {
            "description": "Payload for mode=curl. Provide either `command` (inline) or `file` (path to read).",
            "properties": {
              "command": {
                "type": "string"
              },
              "file": {
                "type": "string"
              }
            },
            "type": "object"
          },
          "cwd": {
            "description": "Absolute path to the project root. Defaults to the workspace root captured during MCP `initialize`, or the server process's current directory.",
            "type": "string"
          },
          "explicit": {
            "description": "Payload for mode=explicit.",
            "properties": {
              "method": {
                "type": "string"
              },
              "url": {
                "type": "string"
              }
            },
            "required": [
              "method",
              "url"
            ],
            "type": "object"
          },
          "force": {
            "description": "Allow overwriting an existing `out` path.",
            "type": "boolean"
          },
          "format": {
            "description": "When `out` is set, write YAML (default) or the JSON metadata block.",
            "enum": [
              "yaml",
              "json"
            ],
            "type": "string"
          },
          "mode": {
            "description": "Input mode. Must match the payload object provided.",
            "enum": [
              "openapi",
              "curl",
              "explicit",
              "recorded"
            ],
            "type": "string"
          },
          "name": {
            "description": "Override the inferred top-level `name:` field.",
            "type": "string"
          },
          "openapi": {
            "description": "Payload for mode=openapi.",
            "properties": {
              "op_id": {
                "type": "string"
              },
              "spec_path": {
                "type": "string"
              }
            },
            "required": [
              "spec_path",
              "op_id"
            ],
            "type": "object"
          },
          "out": {
            "description": "Write the scaffold to this path (relative paths resolve against `cwd`). Refuses to overwrite unless `force=true`.",
            "type": "string"
          },
          "recorded": {
            "description": "Payload for mode=recorded.",
            "properties": {
              "path": {
                "type": "string"
              }
            },
            "required": [
              "path"
            ],
            "type": "object"
          }
        },
        "required": [
          "mode"
        ],
        "type": "object"
      },
      "name": "tarn_scaffold"
    },
    {
      "description": "Run a suite with `report_mode=agent` pre-selected, surfacing the compact AgentReport (NAZ-412) plus artifact paths. Preferred entry point when the caller will iterate on failures. Equivalent to: tarn run --agent.",
      "inputSchema": {
        "properties": {
          "cwd": {
            "description": "Absolute path to the project root. Defaults to the workspace root captured during MCP `initialize`, or the server process's current directory.",
            "type": "string"
          },
          "env_name": {
            "description": "Environment name (loads tarn.env.{name}.yaml).",
            "type": "string"
          },
          "no_default_excludes": {
            "description": "Disable the default discovery ignore rules.",
            "type": "boolean"
          },
          "path": {
            "description": "Path to a `.tarn.yaml` file or directory. Relative paths resolve against `cwd`.",
            "type": "string"
          },
          "select": {
            "description": "Explicit `FILE[::TEST[::STEP]]` selectors. Combine with `test_filter`/`step_filter` if desired.",
            "items": {
              "type": "string"
            },
            "type": "array"
          },
          "step_filter": {
            "description": "Run only this step (name or zero-based index) within the filtered tests.",
            "type": "string"
          },
          "tag": {
            "description": "Comma-separated tag filter.",
            "type": "string"
          },
          "test_filter": {
            "description": "Run only this named test across every discovered file (wildcard selector).",
            "type": "string"
          },
          "vars": {
            "additionalProperties": {
              "type": "string"
            },
            "description": "Variable overrides as key-value pairs.",
            "type": "object"
          }
        },
        "type": "object"
      },
      "name": "tarn_run_agent"
    },
    {
      "description": "Return only the root-cause failure groups (NAZ-402) for a run, without the wider failures envelope. The fastest failures-first read for an agent planning a fix. Equivalent to: tarn failures --format json (groups only).",
      "inputSchema": {
        "properties": {
          "cwd": {
            "description": "Absolute path to the project root. Defaults to the workspace root captured during MCP `initialize`, or the server process's current directory.",
            "type": "string"
          },
          "run_id": {
            "description": "Run identifier or alias (`last`, `prev`, `@latest`, or a literal id). Defaults to `last`.",
            "type": "string"
          }
        },
        "type": "object"
      },
      "name": "tarn_last_root_causes"
    },
    {
      "description": "Assemble a remediation bundle (NAZ-414) from a prior run's artifacts: failing entries enriched with YAML snippets, request/response excerpts, captures lineage, and rerun hints. Supports truncation budgets for context-limited agents. Equivalent to: tarn pack-context.",
      "inputSchema": {
        "properties": {
          "cwd": {
            "description": "Absolute path to the project root. Defaults to the workspace root captured during MCP `initialize`, or the server process's current directory.",
            "type": "string"
          },
          "failed": {
            "description": "Pack only failing entries. Defaults to true.",
            "type": "boolean"
          },
          "files": {
            "description": "Narrow entries to these files (path suffix match).",
            "items": {
              "type": "string"
            },
            "type": "array"
          },
          "format": {
            "description": "Output shape: JSON bundle (default) or markdown.",
            "enum": [
              "json",
              "markdown"
            ],
            "type": "string"
          },
          "max_chars": {
            "description": "Soft budget for the rendered output. Triggers structured truncation (see NAZ-414) when exceeded.",
            "minimum": 1,
            "type": "integer"
          },
          "run_id": {
            "description": "Run identifier or alias. Defaults to the workspace-level `.tarn/` pointer.",
            "type": "string"
          },
          "tests": {
            "description": "Narrow entries to these test names (exact match).",
            "items": {
              "type": "string"
            },
            "type": "array"
          }
        },
        "type": "object"
      },
      "name": "tarn_pack_context"
    }
  ]
}
