{
  "tools": [
    {
      "description": "Run API tests defined in .tarn.yaml files and return structured JSON results. Use this to execute API tests and get detailed pass/fail information with assertion details.",
      "inputSchema": {
        "properties": {
          "cwd": {
            "description": "Absolute path to the project root. tarn.config.yaml, tarn.env.yaml, and relative paths are resolved against this directory. Defaults to the workspace root captured during MCP `initialize`, or the server process's current directory.",
            "type": "string"
          },
          "env": {
            "description": "Environment name (loads tarn.env.{name}.yaml)",
            "type": "string"
          },
          "path": {
            "description": "Path to a .tarn.yaml test file or directory containing test files. Relative paths resolve against `cwd`.",
            "type": "string"
          },
          "tag": {
            "description": "Filter tests by tag (comma-separated)",
            "type": "string"
          },
          "vars": {
            "additionalProperties": {
              "type": "string"
            },
            "description": "Variable overrides as key-value pairs",
            "type": "object"
          }
        },
        "type": "object"
      },
      "name": "tarn_run"
    },
    {
      "description": "Validate .tarn.yaml test files without executing them. Checks YAML syntax and schema validity.",
      "inputSchema": {
        "properties": {
          "cwd": {
            "description": "Absolute path to the project root. Defaults to the workspace root captured during MCP `initialize`, or the server process's current directory.",
            "type": "string"
          },
          "path": {
            "description": "Path to a .tarn.yaml file or directory. Relative paths resolve against `cwd`.",
            "type": "string"
          }
        },
        "required": [
          "path"
        ],
        "type": "object"
      },
      "name": "tarn_validate"
    },
    {
      "description": "List all available tests in .tarn.yaml files. Returns file names, test names, and step counts.",
      "inputSchema": {
        "properties": {
          "cwd": {
            "description": "Absolute path to the project root. Defaults to the workspace root captured during MCP `initialize`, or the server process's current directory.",
            "type": "string"
          },
          "path": {
            "description": "Path to directory (defaults to `cwd`). Relative paths resolve against `cwd`.",
            "type": "string"
          }
        },
        "type": "object"
      },
      "name": "tarn_list"
    },
    {
      "description": "Analyze a Tarn JSON report and return a prioritized fix plan with next actions, evidence, and remediation hints. Accepts either a `report` object from `tarn_run` or the same inputs as `tarn_run` to execute first.",
      "inputSchema": {
        "properties": {
          "cwd": {
            "description": "Absolute path to the project root used when `path` is provided. Defaults to the workspace root captured during MCP `initialize`, or the server process's current directory.",
            "type": "string"
          },
          "env": {
            "description": "Environment name used when `path` is provided",
            "type": "string"
          },
          "max_items": {
            "description": "Limit the number of failing steps included in the plan",
            "minimum": 1,
            "type": "integer"
          },
          "path": {
            "description": "Optional .tarn.yaml path or directory to run before planning. Relative paths resolve against `cwd`.",
            "type": "string"
          },
          "report": {
            "description": "Structured JSON report from tarn_run",
            "type": "object"
          },
          "tag": {
            "description": "Tag filter used when `path` is provided",
            "type": "string"
          },
          "vars": {
            "additionalProperties": {
              "type": "string"
            },
            "description": "Variable overrides used when `path` is provided",
            "type": "object"
          }
        },
        "type": "object"
      },
      "name": "tarn_fix_plan"
    }
  ]
}
